// Jest Snapshot v1, https://goo.gl/fbAQLP

exports[`CheckPost Component test snapshot 1`] = `
ShadowRoot {
  Symbol(SameObject caches): Object {
    "childNodes": NodeList [
      <div
        class="container"
      >
        <div
          class="post"
        >
          <header
            class="post__header"
          >
            <div
              class="post__header__left"
            >
              <div
                class="post__header__top"
              >
                <div
                  class="post__status status__doing"
                  data-testid="status"
                  id="status"
                >
                  -
                </div>
                <h1
                  class="post__header__title"
                  contenteditable="true"
                  data-testid="title"
                  id="title"
                >
                  Title
                </h1>
                <span
                  class="post__header__dday"
                  data-testid="dday"
                  id="dday"
                >
                  -31
                </span>
              </div>
              <div
                class="post__header__bottom"
              >
                <input
                  data-testid="startdate"
                  id="startdate"
                  name="startDate"
                  type="date"
                  value="2021-03-20"
                />
                <input
                  class="post__header__endDate"
                  data-testid="enddate"
                  id="enddate"
                  name="endDate"
                  type="date"
                  value="2021-06-15"
                />
              </div>
            </div>
            <div
              class="post__header__right"
            >
              <button
                class="post__header__saveButton"
              >
                저장
              </button>
              <button
                class="post__header__deleteButton"
                data-testid="delete_button"
              >
                삭제
              </button>
            </div>
          </header>
          <div
            class="post__content"
            data-testid="content"
            id="content"
          >
            <div
              class="box"
            >
              <div
                contenteditable="true"
              >
                내용
              </div>
              <button
                class="box__deleteButton"
                data-testid="textboxDelete"
              >
                x
              </button>
            </div>
          </div>
        </div>
        <nav
          class="postnav"
        >
          <button
            class="postnav__addTextBox"
            data-testid="addTextBox"
          >
            txt
          </button>
          <button
            class="postnav__addCheckBox"
            data-testid="addCheckBox"
          >
            ck
          </button>
        </nav>
      </div>,
      <style>
        [object Object]
      </style>,
    ],
  },
}
`;
